....hhhhhhhhh.hhhhhh..........................................................................................m.mmmmmmm..m..m.mmmmmm..m..mmmmmmm
....llllllllllllllllllllllllllllllllllllllllllllllllllllllllllllllllllllllllllllllllllllllllllllllllllllllllllllllllllllllllllllllllllllllllllll

.....mmmmmmm........................................................................................................................mmmmmm.mmmmm
.....llllllllll........llllllllll........llllllllll........llllllllll........llllllllll........llllllllll........llllllllll........llllllllll
.....lffffffffl........lffffffffl........lffffffffl........lffffffffl........lffffffffl........lffffffffl........lffffffffl........lffffffffl
.....laaaaaaaal........lffffffffl........lffffffffl........lffffffffl........lffffffffl........lffffffffl........lffffffffl........lffffffffl
.....laaaaaaaal........laaaaaaaal........lffffffffl........lffffffffl........laaaaaaaal........lffffffffl........lffffffffl........lffffffffl
.....laaaaaaaal........laaaaaaaal........lffffffffl........lffffffffl........laaaaaaaal........lffffffffl........laaaaaaaal........lffffffffl
.....laaaaaaaal........laaaaaaaal........laaaaaaaal........laaaaaaaal........laaaaaaaal........lffffffffl........laaaaaaaal........laaaaaaaal
.....laaaaaaaal........laaaaaaaal........laaaaaaaal........laaaaaaaal........laaaaaaaal........laaaaaaaal........laaaaaaaal........laaaaaaaal
.....llllllllll........llllllllll........llllllllll........llllllllll........llllllllll........llllllllll........llllllllll........llllllllll
.......ttttt............tttttttt...........tttttt...........tttttttt..........tttttttt............ttt............tttttttttt........tttttttttt
......mm.mmmmm..........mm.mmmm...........mm.m.mmm..........m.mmmmmm..........m.mmmmmm..........mmmmmmmm..........mmmmmmmm..........m.mmmmm

....l.l.l.l.l.l.l.l.l.l.l.l.l.l.l.l.l.l.l.l.l.l.l.l.l.l.l.l.l.l.l.l.l.l.l.l.l.l.l.l.l.l.l.l.l.l.l.l.l.l.l.l.l.l.l.l.l.l.l.l.l.l.l.l.l.l.l.l.l.l

......mmmmmm...............................mmmm...............................mmmmmmm.......................mmmmmm

....lllllllllllllllllllll...................................................lllllllllllllllllllllllll.....llllllllllllllllllllllllllllllllllllll
....l.ttttttttt.........lllllll......................................llllllll.tttttt.ttttttt........ls....l.mm..tttttt.ttttt.............aaaa..ls
....l.mmm.m.mmmmmm......ls....l......................................l......l.mmmmmmmmmmmmmm........ls....l.mm..tttt.tttttttttt..........aaaa..ls
....llllllllllllllllllllls....l......................................l......llllllllllllllllllllllllls....l.mm..ttttttttt.ttttt..........aaaa..ls
.....sssssssssssssssssssss....l......llllllllllllllllllllllllll......l.......sssssssssssssssssssssssss....l.mm..ttt.tttttt...............aaaa..ls
....lllllllllllllllllllll.....l......lffffffffffffffffffffffffls.....l......lllllllllllllllllllllllll.....l.mm..ttttt.ttttttttt..........aaaa..ls
....l.tt.t.t.t.tt.......llllllllllllll.....tttttttt.ttttt.....lllllllllllllll.ttttt.ttttttt.........ls....lllllllllllllllllllllllllllllllllllllls
....l.mmmmm.m.mmmmm.....ls....l......l...mmm.mmmmmm.mmmmmm....ls.....l......l.mmm.mmm.m.mmm.........ls.....ssssssssssssssssssssssssssssssssssssss
....llllllllllllllllllllls....l......lffffffffffffffffffffffffls.....l......llllllllllllllllllllllllls.....mmmmmmmm.mmmm.mmm.mmmmm
.....sssssssssssssssssssss....l......lllllllllllllllllllllllllls.....l.......sssssssssssssssssssssssss
....lllllllllllllllllllll.....l.......ssssssssssssssssssssssssss.....l......lllllllllllllllllllllllll
....l.tttttt.ttt........lllllll......................................llllllll.tttttttt.t.ttt........ls
....l.mmmmmmm.m.mmmmm...ls..................................................l.mm.mmmmm.m.mmm........ls
....llllllllllllllllllllls..................................................llllllllllllllllllllllllls
.....sssssssssssssssssssss...................................................sssssssssssssssssssssssss
....l.l.l.l.l.l.l.l.l.l.l.l.l.l.l.l.l.l.l.l.l.l.l.l.l.l.l.l.l.l.l.l.l.l.l.l.l.l.l.l.l.l.l.l.l.l.l.l.l.l.l.l.l.l.l.l.l.l.l.l.l.l.l.l.l.l.l.l.l.l
....mmmmmmm............................................................................................................mmmm.mmmmmmmmmmm.mmmmmmmm
....tttttt.tttt.t.ttt.t.ttt.t.tttttt.t.ttttttt.t.tttttttt.t.ttttt
